#-----------------------------------------------------------
# Vivado v2021.2 (64-bit)
# SW Build 3367213 on Tue Oct 19 02:48:09 MDT 2021
# IP Build 3369179 on Thu Oct 21 08:25:16 MDT 2021
# Start of session at: Wed Nov  3 16:59:28 2021
# Process ID: 2272
# Current directory: C:/Users/jessm/OneDrive/Documents/University/Year 3/EEE3096S/WorkPackage6/VivadoProjectWP6/WP6_Vivado.runs/synth_1
# Command line: vivado.exe -log simple_cpu.vds -product Vivado -mode batch -messageDb vivado.pb -notrace -source simple_cpu.tcl
# Log file: C:/Users/jessm/OneDrive/Documents/University/Year 3/EEE3096S/WorkPackage6/VivadoProjectWP6/WP6_Vivado.runs/synth_1/simple_cpu.vds
# Journal file: C:/Users/jessm/OneDrive/Documents/University/Year 3/EEE3096S/WorkPackage6/VivadoProjectWP6/WP6_Vivado.runs/synth_1\vivado.jou
# Running On: Homei7, OS: Windows, CPU Frequency: 3000 MHz, CPU Physical cores: 8, Host memory: 17052 MB
#-----------------------------------------------------------
source simple_cpu.tcl -notrace
